// Jest Snapshot v1, https://goo.gl/fbAQLP

exports[`test style selector Render the style selector 1`] = `
<div>
  <div
    class="style-selector"
  >
    <div
      class="price"
      style="padding: 1rem 0px;"
    >
      <p>
        <span
          class="original-price"
        >
          $
          89.00
        </span>
      </p>
    </div>
    <div
      style="padding-bottom: 1rem;"
    >
      STYLE 
      &gt;
       Â 
      <span
        style="font-style: italic;"
      >
        SELECTED STYLE
      </span>
    </div>
    <div
      class="style-list-container"
    >
      <div
        class="style-entry-container"
        style="background-image: url(https://images.unsplash.com/photo-1477420143023-6a0e0b04b69a?ixlib=rb-1.2.1&ixid=eyJhcHBfaWQiOjEyMDd9&auto=format&fit=crop&w=300&q=80);"
      />
      <div
        class="style-entry-container"
        style="background-image: url(https://images.unsplash.com/photo-1463100099107-aa0980c362e6?ixlib=rb-1.2.1&ixid=eyJhcHBfaWQiOjEyMDd9&auto=format&fit=crop&w=300&q=80);"
      />
    </div>
  </div>
</div>
`;
